// Jest Snapshot v1, https://goo.gl/fbAQLP

exports[`<AuthorizationSignUp/> renders properly 1`] = `
<Fragment>
  <div>
    <WithStyles(ForwardRef(Typography))
      align="center"
    >
      <strong>
        Sign Up
      </strong>
    </WithStyles(ForwardRef(Typography))>
    <WithStyles(ForwardRef(TextField))
      className="makeStyles-contentText-2"
      error={false}
      fullWidth={true}
      helperText=""
      id="username"
      label="Username"
      margin="normal"
      name="username"
      onChange={[Function]}
      onKeyPress={[Function]}
      placeholder="Username"
      size="small"
      type="text"
      variant="outlined"
    />
    <WithStyles(ForwardRef(TextField))
      className="makeStyles-contentText-2"
      error={false}
      fullWidth={true}
      helperText=""
      id="email"
      label="Email"
      margin="normal"
      name="email"
      onChange={[Function]}
      onKeyPress={[Function]}
      placeholder="Email"
      size="small"
      type="email"
      variant="outlined"
    />
    <WithStyles(ForwardRef(TextField))
      InputProps={
        Object {
          "endAdornment": <ForwardRef(WithStyles)
            position="end"
          >
            <ForwardRef(WithStyles)
              aria-label="toggle password visibility"
              edge="end"
              onClick={[Function]}
              size="small"
            >
              <UNDEFINED />
            </ForwardRef(WithStyles)>
          </ForwardRef(WithStyles)>,
        }
      }
      className="makeStyles-contentText-2"
      error={false}
      fullWidth={true}
      helperText=""
      id="password"
      label="Password"
      margin="normal"
      name="password"
      onChange={[Function]}
      onKeyPress={[Function]}
      placeholder="Password"
      size="small"
      type="password"
      variant="outlined"
    />
    <WithStyles(ForwardRef(TextField))
      InputProps={
        Object {
          "endAdornment": <ForwardRef(WithStyles)
            position="end"
          >
            <ForwardRef(WithStyles)
              aria-label="toggle password visibility"
              edge="end"
              onClick={[Function]}
              size="small"
            >
              <UNDEFINED />
            </ForwardRef(WithStyles)>
          </ForwardRef(WithStyles)>,
        }
      }
      className="makeStyles-contentText-2"
      error={false}
      fullWidth={true}
      helperText=""
      id="passwordRepeat"
      label="Password Repeat"
      margin="normal"
      name="passwordRepeat"
      onChange={[Function]}
      onKeyPress={[Function]}
      placeholder="Repeat Password"
      size="small"
      style={
        Object {
          "marginTop": "8px",
        }
      }
      type="password"
      variant="outlined"
    />
    <WithStyles(ForwardRef(FormControl))
      className="makeStyles-action-1"
      fullWidth={true}
    >
      <WithStyles(ForwardRef(Button))
        color="primary"
        disabled={true}
        onClick={[Function]}
        size="large"
        type="button"
        variant="contained"
      >
        Sign Up
      </WithStyles(ForwardRef(Button))>
    </WithStyles(ForwardRef(FormControl))>
    <WithStyles(ForwardRef(Grid))
      container={true}
    >
      <WithStyles(ForwardRef(Grid))
        item={true}
        xs={true}
      >
        <WithStyles(ForwardRef(Link))
          href="#"
          onClick={[Function]}
          variant="body2"
        >
          Forgot password?
        </WithStyles(ForwardRef(Link))>
      </WithStyles(ForwardRef(Grid))>
      <WithStyles(ForwardRef(Grid))
        item={true}
      >
        <WithStyles(ForwardRef(Link))
          href="#"
          onClick={[Function]}
          variant="body2"
        >
          Login
        </WithStyles(ForwardRef(Link))>
      </WithStyles(ForwardRef(Grid))>
    </WithStyles(ForwardRef(Grid))>
  </div>
</Fragment>
`;
